=== Checking ninja status ===
ninja: Entering directory `out/ui'
ninja: warning: premature end of file; recovering
